[2026-06-12 07:55:51Z INFO HostContext] No proxy settings were found based on environmental variables (http_proxy/https_proxy/HTTP_PROXY/HTTPS_PROXY)
[2026-06-12 07:55:51Z INFO HostContext] Well known directory 'Bin': 'C:\Users\user\IdeaProjects\AssignmentDay37\actions-runner\bin'
[2026-06-12 07:55:51Z INFO HostContext] Well known directory 'Root': 'C:\Users\user\IdeaProjects\AssignmentDay37\actions-runner'
[2026-06-12 07:55:51Z INFO HostContext] Well known config file 'Credentials': 'C:\Users\user\IdeaProjects\AssignmentDay37\actions-runner\.credentials'
[2026-06-12 07:55:51Z INFO HostContext] Well known directory 'Bin': 'C:\Users\user\IdeaProjects\AssignmentDay37\actions-runner\bin'
[2026-06-12 07:55:51Z INFO HostContext] Well known directory 'Root': 'C:\Users\user\IdeaProjects\AssignmentDay37\actions-runner'
[2026-06-12 07:55:51Z INFO HostContext] Well known config file 'Runner': 'C:\Users\user\IdeaProjects\AssignmentDay37\actions-runner\.runner'
[2026-06-12 07:55:51Z INFO Listener] Runner is built for Windows (X64) - win-x64.
[2026-06-12 07:55:51Z INFO Listener] RuntimeInformation: Microsoft Windows 10.0.26200.
[2026-06-12 07:55:51Z INFO Listener] Version: 2.334.0
[2026-06-12 07:55:51Z INFO Listener] Commit: f1995ede5d885c997d13d8eca5467c4ce97fe69c
[2026-06-12 07:55:51Z INFO Listener] Culture: en-ID
[2026-06-12 07:55:51Z INFO Listener] UI Culture: en-US
[2026-06-12 07:55:51Z INFO HostContext] Well known directory 'Bin': 'C:\Users\user\IdeaProjects\AssignmentDay37\actions-runner\bin'
[2026-06-12 07:55:51Z INFO HostContext] Well known directory 'Root': 'C:\Users\user\IdeaProjects\AssignmentDay37\actions-runner'
[2026-06-12 07:55:51Z INFO Listener] Validating directory permissions for: 'C:\Users\user\IdeaProjects\AssignmentDay37\actions-runner'
[2026-06-12 07:55:51Z INFO CommandLineParser] Parse
[2026-06-12 07:55:51Z INFO CommandLineParser] Parsing 1 args
[2026-06-12 07:55:51Z INFO CommandLineParser] parsing argument
[2026-06-12 07:55:51Z INFO CommandLineParser] HasArgs: False
[2026-06-12 07:55:51Z INFO CommandLineParser] Adding Command: configure
[2026-06-12 07:55:51Z INFO Listener] Arguments parsed
[2026-06-12 07:55:51Z INFO Runner] ExecuteCommand
[2026-06-12 07:55:51Z INFO ConfigurationStore] currentAssemblyLocation: C:\Users\user\IdeaProjects\AssignmentDay37\actions-runner\bin\Runner.Listener.dll
[2026-06-12 07:55:51Z INFO HostContext] Well known directory 'Bin': 'C:\Users\user\IdeaProjects\AssignmentDay37\actions-runner\bin'
[2026-06-12 07:55:51Z INFO ConfigurationStore] binPath: C:\Users\user\IdeaProjects\AssignmentDay37\actions-runner\bin
[2026-06-12 07:55:51Z INFO HostContext] Well known directory 'Bin': 'C:\Users\user\IdeaProjects\AssignmentDay37\actions-runner\bin'
[2026-06-12 07:55:51Z INFO HostContext] Well known directory 'Root': 'C:\Users\user\IdeaProjects\AssignmentDay37\actions-runner'
[2026-06-12 07:55:51Z INFO ConfigurationStore] RootFolder: C:\Users\user\IdeaProjects\AssignmentDay37\actions-runner
[2026-06-12 07:55:51Z INFO HostContext] Well known directory 'Bin': 'C:\Users\user\IdeaProjects\AssignmentDay37\actions-runner\bin'
[2026-06-12 07:55:51Z INFO HostContext] Well known directory 'Root': 'C:\Users\user\IdeaProjects\AssignmentDay37\actions-runner'
[2026-06-12 07:55:51Z INFO HostContext] Well known config file 'Runner': 'C:\Users\user\IdeaProjects\AssignmentDay37\actions-runner\.runner'
[2026-06-12 07:55:51Z INFO ConfigurationStore] ConfigFilePath: C:\Users\user\IdeaProjects\AssignmentDay37\actions-runner\.runner
[2026-06-12 07:55:51Z INFO HostContext] Well known directory 'Bin': 'C:\Users\user\IdeaProjects\AssignmentDay37\actions-runner\bin'
[2026-06-12 07:55:51Z INFO HostContext] Well known directory 'Root': 'C:\Users\user\IdeaProjects\AssignmentDay37\actions-runner'
[2026-06-12 07:55:51Z INFO HostContext] Well known config file 'MigratedRunner': 'C:\Users\user\IdeaProjects\AssignmentDay37\actions-runner\.runner_migrated'
[2026-06-12 07:55:51Z INFO ConfigurationStore] MigratedConfigFilePath: C:\Users\user\IdeaProjects\AssignmentDay37\actions-runner\.runner_migrated
[2026-06-12 07:55:51Z INFO HostContext] Well known directory 'Bin': 'C:\Users\user\IdeaProjects\AssignmentDay37\actions-runner\bin'
[2026-06-12 07:55:51Z INFO HostContext] Well known directory 'Root': 'C:\Users\user\IdeaProjects\AssignmentDay37\actions-runner'
[2026-06-12 07:55:51Z INFO HostContext] Well known config file 'Credentials': 'C:\Users\user\IdeaProjects\AssignmentDay37\actions-runner\.credentials'
[2026-06-12 07:55:51Z INFO ConfigurationStore] CredFilePath: C:\Users\user\IdeaProjects\AssignmentDay37\actions-runner\.credentials
[2026-06-12 07:55:51Z INFO HostContext] Well known directory 'Bin': 'C:\Users\user\IdeaProjects\AssignmentDay37\actions-runner\bin'
[2026-06-12 07:55:51Z INFO HostContext] Well known directory 'Root': 'C:\Users\user\IdeaProjects\AssignmentDay37\actions-runner'
[2026-06-12 07:55:51Z INFO HostContext] Well known config file 'MigratedCredentials': 'C:\Users\user\IdeaProjects\AssignmentDay37\actions-runner\.credentials_migrated'
[2026-06-12 07:55:51Z INFO ConfigurationStore] MigratedCredFilePath: C:\Users\user\IdeaProjects\AssignmentDay37\actions-runner\.credentials_migrated
[2026-06-12 07:55:51Z INFO HostContext] Well known directory 'Bin': 'C:\Users\user\IdeaProjects\AssignmentDay37\actions-runner\bin'
[2026-06-12 07:55:51Z INFO HostContext] Well known directory 'Root': 'C:\Users\user\IdeaProjects\AssignmentDay37\actions-runner'
[2026-06-12 07:55:51Z INFO HostContext] Well known config file 'Service': 'C:\Users\user\IdeaProjects\AssignmentDay37\actions-runner\.service'
[2026-06-12 07:55:51Z INFO ConfigurationStore] ServiceConfigFilePath: C:\Users\user\IdeaProjects\AssignmentDay37\actions-runner\.service
[2026-06-12 07:55:51Z INFO CommandSettings] Flag 'help': 'False'
[2026-06-12 07:55:51Z INFO CommandSettings] Flag 'version': 'False'
[2026-06-12 07:55:51Z INFO CommandSettings] Flag 'commit': 'False'
[2026-06-12 07:55:51Z INFO CommandSettings] Flag 'check': 'False'
[2026-06-12 07:55:51Z INFO CommandSettings] Command 'configure': 'True'
[2026-06-12 07:55:51Z INFO Terminal] WRITE LINE: 
[2026-06-12 07:55:51Z INFO Terminal] WRITE LINE: --------------------------------------------------------------------------------
[2026-06-12 07:55:51Z INFO Terminal] WRITE LINE: |        ____ _ _   _   _       _          _        _   _                      |
[2026-06-12 07:55:51Z INFO Terminal] WRITE LINE: |       / ___(_) |_| | | |_   _| |__      / \   ___| |_(_) ___  _ __  ___      |
[2026-06-12 07:55:51Z INFO Terminal] WRITE LINE: |      | |  _| | __| |_| | | | | '_ \    / _ \ / __| __| |/ _ \| '_ \/ __|     |
[2026-06-12 07:55:51Z INFO Terminal] WRITE LINE: |      | |_| | | |_|  _  | |_| | |_) |  / ___ \ (__| |_| | (_) | | | \__ \     |
[2026-06-12 07:55:51Z INFO Terminal] WRITE LINE: |       \____|_|\__|_| |_|\__,_|_.__/  /_/   \_\___|\__|_|\___/|_| |_|___/     |
[2026-06-12 07:55:51Z INFO Terminal] WRITE LINE: |                                                                              |
[2026-06-12 07:55:51Z INFO Terminal] WRITE: |                       
[2026-06-12 07:55:51Z INFO Terminal] WRITE: Self-hosted runner registration
[2026-06-12 07:55:51Z INFO Terminal] WRITE LINE:                         |
[2026-06-12 07:55:51Z INFO Terminal] WRITE LINE: |                                                                              |
[2026-06-12 07:55:51Z INFO Terminal] WRITE LINE: --------------------------------------------------------------------------------
[2026-06-12 07:55:51Z INFO ConfigurationManager] ConfigureAsync
[2026-06-12 07:55:51Z INFO CommandSettings] Flag 'generateServiceConfig': 'False'
[2026-06-12 07:55:51Z INFO ConfigurationStore] IsConfigured()
[2026-06-12 07:55:51Z INFO ConfigurationStore] IsConfigured: False
[2026-06-12 07:55:51Z INFO ConfigurationManager] Is configured: False
[2026-06-12 07:55:51Z INFO CommandSettings] Arg 'url': ''
[2026-06-12 07:55:51Z INFO CommandSettings] Flag 'unattended': 'False'
[2026-06-12 07:55:51Z INFO PromptManager] ReadValue
[2026-06-12 07:55:51Z INFO Terminal] WRITE: What is the URL of your repository? 
[2026-06-12 07:55:51Z INFO Terminal] READ LINE
[2026-06-12 07:56:15Z INFO Terminal] Read value: 'https://github.com/RadenFR/Advanced-Mobile-Automation-Test.git'
[2026-06-12 07:56:15Z INFO CommandSettings] Arg 'token': ''
[2026-06-12 07:56:15Z INFO CommandSettings] Flag 'unattended': 'False'
[2026-06-12 07:56:15Z INFO PromptManager] ReadValue
[2026-06-12 07:56:15Z INFO Terminal] WRITE: What is your runner register token? 
[2026-06-12 07:56:15Z INFO Terminal] READ SECRET
[2026-06-12 07:57:16Z INFO Terminal] Read value: '***'
[2026-06-12 07:57:17Z ERR  Terminal] WRITE ERROR: Http response code: NotFound from 'POST https://api.github.com/actions/runner-registration' (Request Id: 0992:1DC5C2:4D0EDF:5264BF:6A2BBBDD)
[2026-06-12 07:57:17Z ERR  Terminal] WRITE ERROR: {"message":"Not Found","documentation_url":"https://docs.github.com/rest","status":"404"}
[2026-06-12 07:57:17Z ERR  Runner] System.Net.Http.HttpRequestException: Response status code does not indicate success: 404 (Not Found).
   at System.Net.Http.HttpResponseMessage.EnsureSuccessStatusCode()
   at GitHub.Runner.Listener.Configuration.ConfigurationManager.GetTenantCredential(String githubUrl, String githubToken, String runnerEvent)
   at GitHub.Runner.Listener.Configuration.ConfigurationManager.ConfigureAsync(CommandSettings command)
   at GitHub.Runner.Listener.Runner.ExecuteCommand(CommandSettings command)
[2026-06-12 07:57:17Z ERR  Terminal] WRITE ERROR: Response status code does not indicate success: 404 (Not Found).
[2026-06-12 07:57:17Z INFO Listener] Runner execution has finished with return code 1
